Component: ARM Compiler 5.06 update 5 (build 528) Tool: armlink [4d35e2]

==============================================================================

Section Cross References

    lab9.o(mycode) refers to delay.o(mycode) for DELAY
    mystartup.o(RESET) refers to lab9.o(mycode) for lcd_subs


==============================================================================

Image Symbol Table

    Local Symbols

    Symbol Name                              Value     Ov Type        Size  Object(Section)

    RESET                                    0x00000000   Section      160  mystartup.o(RESET)
    delay.s                                  0x00000000   Number         0  delay.o ABSOLUTE
    lab9.s                                   0x00000000   Number         0  lab9.o ABSOLUTE
    mystartup.s                              0x00000000   Number         0  mystartup.o ABSOLUTE
    SWIHandler                               0x00000040   ARM Code       4  mystartup.o(RESET)
    PAbtHandler                              0x00000044   ARM Code       4  mystartup.o(RESET)
    DAbtHandler                              0x00000048   ARM Code       4  mystartup.o(RESET)
    IRQHandler                               0x0000004c   ARM Code       4  mystartup.o(RESET)
    FIQHandler                               0x00000050   ARM Code       4  mystartup.o(RESET)
    UndefHandler                             0x00000054   ARM Code       4  mystartup.o(RESET)
    mycode                                   0x000000a0   Section      864  lab9.o(mycode)
    mycode                                   0x00000400   Section       44  delay.o(mycode)

    Global Symbols

    Symbol Name                              Value     Ov Type        Size  Object(Section)

    BuildAttributes$$THM_ISAv1$ARM_ISAv4$S$PE$A:L22$X:L11$S22$IEEE1$IW$USESV6$~STKCKD$USESV7$~SHL$OSPACE$EBA8$STANDARDLIB$EABIv2 0x00000000   Number         0  anon$$obj.o ABSOLUTE
    lcd_subs                                 0x000000a0   ARM Code       0  lab9.o(mycode)
    DELAY                                    0x00000400   ARM Code       0  delay.o(mycode)



==============================================================================

Memory Map of the image

  Image Entry point : 0x00000000

  Load Region LR_1 (Base: 0x00000000, Size: 0x0000042c, Max: 0xffffffff, ABSOLUTE)

    Execution Region ER_RO (Exec base: 0x00000000, Load base: 0x00000000, Size: 0x0000042c, Max: 0xffffffff, ABSOLUTE)

    Exec Addr    Load Addr    Size         Type   Attr      Idx    E Section Name        Object

    0x00000000   0x00000000   0x000000a0   Code   RO            9  * RESET               mystartup.o
    0x000000a0   0x000000a0   0x00000360   Code   RO            1  * mycode              lab9.o
    0x00000400   0x00000400   0x0000002c   Code   RO            6    mycode              delay.o


    Execution Region ER_RW (Exec base: 0x40000000, Load base: 0x0000042c, Size: 0x00000000, Max: 0xffffffff, ABSOLUTE)

    **** No section assigned to this execution region ****


    Execution Region ER_ZI (Exec base: 0x40000000, Load base: 0x0000042c, Size: 0x00000000, Max: 0xffffffff, ABSOLUTE)

    **** No section assigned to this execution region ****


==============================================================================

Image component sizes


      Code (inc. data)   RO Data    RW Data    ZI Data      Debug   Object Name

        44          0          0          0          0        204   delay.o
       864         84          0          0          0        436   lab9.o
       160         48          0          0          0        244   mystartup.o

    ----------------------------------------------------------------------
      1068        132          0          0          0        884   Object Totals
         0          0          0          0          0          0   (incl. Generated)
         0          0          0          0          0          0   (incl. Padding)

    ----------------------------------------------------------------------
         0          0          0          0          0          0   Library Totals
         0          0          0          0          0          0   (incl. Padding)

    ----------------------------------------------------------------------

==============================================================================


      Code (inc. data)   RO Data    RW Data    ZI Data      Debug   

      1068        132          0          0          0        884   Grand Totals
      1068        132          0          0          0        884   ELF Image Totals
      1068        132          0          0          0          0   ROM Totals

==============================================================================

    Total RO  Size (Code + RO Data)                 1068 (   1.04kB)
    Total RW  Size (RW Data + ZI Data)                 0 (   0.00kB)
    Total ROM Size (Code + RO Data + RW Data)       1068 (   1.04kB)

==============================================================================

