Component: ARM Compiler 5.06 update 5 (build 528) Tool: armlink [4d35e2]

==============================================================================

Section Cross References

    delay.o(mycode) refers (Special) to lcd_cmd.o(mycode) for LCD_cmd
    delay.o(mycode) refers (Special) to lab9.o(mycode) for user_code
    lab9.o(mycode) refers to delay.o(mycode) for DELAY
    lab9.o(mycode) refers to lcd_cmd.o(mycode) for LCD_cmd
    mystartup.o(RESET) refers to lab9.o(mycode) for user_code
    lcd_cmd.o(mycode) refers to delay.o(mycode) for DELAY


==============================================================================

Image Symbol Table

    Local Symbols

    Symbol Name                              Value     Ov Type        Size  Object(Section)

    RESET                                    0x00000000   Section      160  mystartup.o(RESET)
    LCD_cmd.s                                0x00000000   Number         0  lcd_cmd.o ABSOLUTE
    delay.s                                  0x00000000   Number         0  delay.o ABSOLUTE
    lab9.s                                   0x00000000   Number         0  lab9.o ABSOLUTE
    mystartup.s                              0x00000000   Number         0  mystartup.o ABSOLUTE
    SWIHandler                               0x00000040   ARM Code       4  mystartup.o(RESET)
    PAbtHandler                              0x00000044   ARM Code       4  mystartup.o(RESET)
    DAbtHandler                              0x00000048   ARM Code       4  mystartup.o(RESET)
    IRQHandler                               0x0000004c   ARM Code       4  mystartup.o(RESET)
    FIQHandler                               0x00000050   ARM Code       4  mystartup.o(RESET)
    UndefHandler                             0x00000054   ARM Code       4  mystartup.o(RESET)
    mycode                                   0x000000a0   Section       12  delay.o(mycode)
    mycode                                   0x000000ac   Section      276  lab9.o(mycode)
    mycode                                   0x000001c0   Section      112  lcd_cmd.o(mycode)

    Global Symbols

    Symbol Name                              Value     Ov Type        Size  Object(Section)

    BuildAttributes$$THM_ISAv1$ARM_ISAv4$S$PE$A:L22$X:L11$S22$IEEE1$IW$USESV6$~STKCKD$USESV7$~SHL$OSPACE$EBA8$STANDARDLIB$EABIv2 0x00000000   Number         0  anon$$obj.o ABSOLUTE
    DELAY                                    0x000000a0   ARM Code       0  delay.o(mycode)
    user_code                                0x000000ac   ARM Code       0  lab9.o(mycode)
    LCD_cmd                                  0x000001c0   ARM Code       0  lcd_cmd.o(mycode)



==============================================================================

Memory Map of the image

  Image Entry point : 0x00000000

  Load Region LR_1 (Base: 0x00000000, Size: 0x00000230, Max: 0xffffffff, ABSOLUTE)

    Execution Region ER_RO (Exec base: 0x00000000, Load base: 0x00000000, Size: 0x00000230, Max: 0xffffffff, ABSOLUTE)

    Exec Addr    Load Addr    Size         Type   Attr      Idx    E Section Name        Object

    0x00000000   0x00000000   0x000000a0   Code   RO            9  * RESET               mystartup.o
    0x000000a0   0x000000a0   0x0000000c   Code   RO            1    mycode              delay.o
    0x000000ac   0x000000ac   0x00000114   Code   RO            6  * mycode              lab9.o
    0x000001c0   0x000001c0   0x00000070   Code   RO           12    mycode              lcd_cmd.o


    Execution Region ER_RW (Exec base: 0x40000000, Load base: 0x00000230, Size: 0x00000000, Max: 0xffffffff, ABSOLUTE)

    **** No section assigned to this execution region ****


    Execution Region ER_ZI (Exec base: 0x40000000, Load base: 0x00000230, Size: 0x00000000, Max: 0xffffffff, ABSOLUTE)

    **** No section assigned to this execution region ****


==============================================================================

Image component sizes


      Code (inc. data)   RO Data    RW Data    ZI Data      Debug   Object Name

        12          0          0          0          0        224   delay.o
       276         48          0          0          0        244   lab9.o
       112          0          0          0          0        216   lcd_cmd.o
       160         48          0          0          0        240   mystartup.o

    ----------------------------------------------------------------------
       560         96          0          0          0        924   Object Totals
         0          0          0          0          0          0   (incl. Generated)
         0          0          0          0          0          0   (incl. Padding)

    ----------------------------------------------------------------------
         0          0          0          0          0          0   Library Totals
         0          0          0          0          0          0   (incl. Padding)

    ----------------------------------------------------------------------

==============================================================================


      Code (inc. data)   RO Data    RW Data    ZI Data      Debug   

       560         96          0          0          0        924   Grand Totals
       560         96          0          0          0        924   ELF Image Totals
       560         96          0          0          0          0   ROM Totals

==============================================================================

    Total RO  Size (Code + RO Data)                  560 (   0.55kB)
    Total RW  Size (RW Data + ZI Data)                 0 (   0.00kB)
    Total ROM Size (Code + RO Data + RW Data)        560 (   0.55kB)

==============================================================================

