


ARM Macro Assembler    Page 1 


    1 00000000         ;External Interrupt Stuff
    2 00000000 E002C004 
                       PINSEL1 EQU              0xE002C004
    3 00000000 E0028000 
                       IO0DIR  EQU              0xE0028000
    4 00000000         
    5 00000000         ;EINT Address 
    6 00000000 E01FC140 
                       EXTINT  EQU              0xE01FC140  ;address for EINTX
    7 00000000 E01FC148 
                       EXTMODE EQU              0xE01FC148  ;address for level 
                                                            / edge
    8 00000000 E01FC14C 
                       EXTPOLAR
                               EQU              0xE01FC14C  ;address for rising
                                                             /trailing
    9 00000000 00004000 
                       EINT0   EQU              0x4000
   10 00000000         
   11 00000000         ;-------------------------------------------------------
                       -----------------------
   12 00000000         ;VIC Stuff
   13 00000000 FFFFF00C 
                       VICIntSelect
                               EQU              0xFFFFF00C
   14 00000000 FFFFF010 
                       VICIntEnable
                               EQU              0xFFFFF010
   15 00000000 FFFFF014 
                       VICIntEnClear
                               EQU              0xFFFFF014
   16 00000000         
   17 00000000         ;-------------------------------------------------------
                       -----------------------
   18 00000000         ;masks for LEDS task
   19 00000000 0000FF00 
                       LED_ALL EQU              0xFF00
   20 00000000 0000AA00 
                       LED_ALT EQU              0xAA00
   21 00000000 00000F00 
                       LED_FOUR
                               EQU              0x0F00
   22 00000000         
   23 00000000         ;-------------------------------------------------------
                       -------
   24 00000000         
   25 00000000                 GLOBAL           EINT
   26 00000000         
   27 00000000                 AREA             mycode, CODE, READONLY
   28 00000000         
   29 00000000         
   30 00000000         EINT
   31 00000000 E92D5FFF        STMFD            SP!, {r0 - r12, LR} 
                                                            ;preserve registers
                                                            
   32 00000004         
   33 00000004         ;Set pin stuff
   34 00000004 E3A02001        LDR              r2, =0x1    ;set P0.16 as EINT0
                                                             



ARM Macro Assembler    Page 2 


   35 00000008         
   36 00000008 E59F0078        LDR              r0, =PINSEL1 ;read contents of 
                                                            Port 0
   37 0000000C E5901000        LDR              r1,[r0]
   38 00000010 E3A03002        MOV              r3, #0x2
   39 00000014 E1C11003        BIC              r1, r1, r3  ;clear bit 1 for EI
                                                            NT0
   40 00000018 E1811002        ORR              r1,r1,r2    ;set bit 2 for EINT
                                                            0
   41 0000001C E5801000        STR              r1,[r0]
   42 00000020         
   43 00000020         
   44 00000020         ;Set edge sensitive mode
   45 00000020 E59F0064        LDR              r0, =EXTMODE
   46 00000024 E5901000        LDR              r1, [r0]
   47 00000028 E3A02001        LDR              r2, =0x1
   48 0000002C E1811002        ORR              r1, r1, r2
   49 00000030 E5801000        STR              r1, [r0]
   50 00000034         
   51 00000034         ;Set polarity to rising edge
   52 00000034 E59F0054        LDR              r0, =EXTPOLAR
   53 00000038 E5901000        LDR              r1, [r0]
   54 0000003C E3A02001        LDR              r2, =0x1
   55 00000040 E1C11002        BIC              r1, r1, r2
   56 00000044 E5801000        STR              r1, [r0]
   57 00000048         
   58 00000048         VIC_Setup
   59 00000048         
   60 00000048         ;Enable interrupts that will be used
   61 00000048         
   62 00000048         ;Assign interrupt as IRQ (0) or FIQ (1)
   63 00000048         
   64 00000048         ;VICIntSelect
   65 00000048         ;Write a zero to set as IRQ
   66 00000048 E59F0044        LDR              r0, =VICIntSelect
   67 0000004C E5901000        LDR              r1, [r0]
   68 00000050 E3A02901        LDR              r2, =EINT0
   69 00000054 E1811002        ORR              r1, r1, r2
   70 00000058 E1C11002        BIC              r1, r1, r2
   71 0000005C E5801000        STR              r1, [r0]
   72 00000060         
   73 00000060         ;VICIntEnable
   74 00000060         ;Write a one to enable EINT0
   75 00000060 E59F0030        LDR              r0, =VICIntEnable 
                                                            ;;Set EINT0 to 1
   76 00000064 E5901000        LDR              r1,[r0]
   77 00000068 E3A02901        LDR              r2, =EINT0  ;0x4000
   78 0000006C E1811002        ORR              r1, r1, r2
   79 00000070 E5801000        STR              r1, [r0]
   80 00000074         
   81 00000074         ;;Silence external interrupt request
   82 00000074         ;Initialize flags to be off
   83 00000074 E3A00001        MOV              r0, #1      ;clear EINT0
   84 00000078 E59F101C        LDR              r1, =EXTINT
   85 0000007C E5810000        STR              r0, [r1]
   86 00000080         
   87 00000080 E8BD5FFF        LDMFD            SP!, {r0 - r12, LR}
   88 00000084         
   89 00000084 EAFFFFFE 



ARM Macro Assembler    Page 3 


                       STOP    B                STOP
   90 00000088                 END
              E002C004 
              E01FC148 
              E01FC14C 
              FFFFF00C 
              FFFFF010 
              E01FC140 
Command Line: --debug --xref --diag_suppress=9931 --apcs=interwork --depend=.\o
bjects\eint.d -o.\objects\eint.o -IC:\Keil_v5\ARM\RV31\INC -IC:\Keil_v5\ARM\CMS
IS\Include -IC:\Keil_v5\ARM\INC\Philips --predefine="__EVAL SETA 1" --predefine
="__UVISION_VERSION SETA 524" --list=.\listings\eint.lst EINT.s



ARM Macro Assembler    Page 1 Alphabetic symbol ordering
Relocatable symbols

EINT 00000000

Symbol: EINT
   Definitions
      At line 30 in file EINT.s
   Uses
      At line 25 in file EINT.s
Comment: EINT used once
STOP 00000084

Symbol: STOP
   Definitions
      At line 89 in file EINT.s
   Uses
      At line 89 in file EINT.s
Comment: STOP used once
VIC_Setup 00000048

Symbol: VIC_Setup
   Definitions
      At line 58 in file EINT.s
   Uses
      None
Comment: VIC_Setup unused
mycode 00000000

Symbol: mycode
   Definitions
      At line 27 in file EINT.s
   Uses
      None
Comment: mycode unused
4 symbols



ARM Macro Assembler    Page 1 Alphabetic symbol ordering
Absolute symbols

EINT0 00004000

Symbol: EINT0
   Definitions
      At line 9 in file EINT.s
   Uses
      At line 68 in file EINT.s
      At line 77 in file EINT.s

EXTINT E01FC140

Symbol: EXTINT
   Definitions
      At line 6 in file EINT.s
   Uses
      At line 84 in file EINT.s
Comment: EXTINT used once
EXTMODE E01FC148

Symbol: EXTMODE
   Definitions
      At line 7 in file EINT.s
   Uses
      At line 45 in file EINT.s
Comment: EXTMODE used once
EXTPOLAR E01FC14C

Symbol: EXTPOLAR
   Definitions
      At line 8 in file EINT.s
   Uses
      At line 52 in file EINT.s
Comment: EXTPOLAR used once
IO0DIR E0028000

Symbol: IO0DIR
   Definitions
      At line 3 in file EINT.s
   Uses
      None
Comment: IO0DIR unused
LED_ALL 0000FF00

Symbol: LED_ALL
   Definitions
      At line 19 in file EINT.s
   Uses
      None
Comment: LED_ALL unused
LED_ALT 0000AA00

Symbol: LED_ALT
   Definitions
      At line 20 in file EINT.s
   Uses
      None
Comment: LED_ALT unused
LED_FOUR 00000F00




ARM Macro Assembler    Page 2 Alphabetic symbol ordering
Absolute symbols

Symbol: LED_FOUR
   Definitions
      At line 21 in file EINT.s
   Uses
      None
Comment: LED_FOUR unused
PINSEL1 E002C004

Symbol: PINSEL1
   Definitions
      At line 2 in file EINT.s
   Uses
      At line 36 in file EINT.s
Comment: PINSEL1 used once
VICIntEnClear FFFFF014

Symbol: VICIntEnClear
   Definitions
      At line 15 in file EINT.s
   Uses
      None
Comment: VICIntEnClear unused
VICIntEnable FFFFF010

Symbol: VICIntEnable
   Definitions
      At line 14 in file EINT.s
   Uses
      At line 75 in file EINT.s
Comment: VICIntEnable used once
VICIntSelect FFFFF00C

Symbol: VICIntSelect
   Definitions
      At line 13 in file EINT.s
   Uses
      At line 66 in file EINT.s
Comment: VICIntSelect used once
12 symbols
350 symbols in table
